// Jest Snapshot v1, https://goo.gl/fbAQLP

exports[`Map component should render Map component 1`] = `
<p>
  Map
</p>
`;
