// Jest Snapshot v1, https://goo.gl/fbAQLP

exports[`UnPrivateRoute component should render UnPrivateRoute component 1`] = `null`;
