// Jest Snapshot v1, https://goo.gl/fbAQLP

exports[`MainScreen component should render MainScreen component 1`] = `null`;
