// Jest Snapshot v1, https://goo.gl/fbAQLP

exports[`MainScreenEmptyPlaceholder component should render MainScreenEmptyPlaceholder component 1`] = `
Array [
  <section
    class="cities__no-places"
  >
    <div
      class="cities__status-wrapper tabs__content"
    >
      <b
        class="cities__status"
      >
        No places to stay available
      </b>
      <p
        class="cities__status-description"
      >
        We could not find any property available at the momentin Dusseldorf
      </p>
    </div>
  </section>,
  <div
    class="cities__right-section"
  />,
]
`;
