// Jest Snapshot v1, https://goo.gl/fbAQLP

exports[`withMap hoc should correctly output data from withMap hoc 1`] = `<div />`;
