// Jest Snapshot v1, https://goo.gl/fbAQLP

exports[`OfferList component should render OfferList component 1`] = `
<div
  class="places__list"
>
  <article
    class="cities__place-card place-card"
  >
    <div
      class="place-card__mark"
    >
      <span>
        Premium
      </span>
    </div>
    <div
      class="cities__image-wrapper place-card__image-wrapper"
    >
      <a
        href="/offer/1"
      >
        <img
          alt="Place image"
          class="place-card__image"
          height="200"
          src="https://assets.htmlacademy.ru/intensives/javascript-3/hotel/6.jpg"
          width="260"
        />
      </a>
    </div>
    <div
      class="place-card__info"
    >
      <div
        class="place-card__price-wrapper"
      >
        <div
          class="place-card__price"
        >
          <b
            class="place-card__price-value"
          >
            €241
          </b>
          <span
            class="place-card__price-text"
          >
            / night
          </span>
        </div>
        <button
          class="place-card__bookmark-button button"
          type="button"
        >
          <svg
            class="place-card__bookmark-icon"
            height="19"
            width="18"
          >
            <use
              href="#icon-bookmark"
            />
          </svg>
          <span
            class="visually-hidden"
          >
            To bookmarks
          </span>
        </button>
      </div>
      <div
        class="place-card__rating rating"
      >
        <div
          class="place-card__stars rating__stars"
        >
          <span
            style="width:80%"
          />
          <span
            class="visually-hidden"
          >
            Rating
          </span>
        </div>
      </div>
      <h2
        class="place-card__name"
      >
        <a
          href="/offer/1"
        >
          The Joshua Tree House
        </a>
      </h2>
      <p
        class="place-card__type"
      >
        room
      </p>
    </div>
  </article>
  <article
    class="cities__place-card place-card"
  >
    <div
      class="cities__image-wrapper place-card__image-wrapper"
    >
      <a
        href="/offer/2"
      >
        <img
          alt="Place image"
          class="place-card__image"
          height="200"
          src="https://assets.htmlacademy.ru/intensives/javascript-3/hotel/19.jpg"
          width="260"
        />
      </a>
    </div>
    <div
      class="place-card__info"
    >
      <div
        class="place-card__price-wrapper"
      >
        <div
          class="place-card__price"
        >
          <b
            class="place-card__price-value"
          >
            €909
          </b>
          <span
            class="place-card__price-text"
          >
            / night
          </span>
        </div>
        <button
          class="place-card__bookmark-button button"
          type="button"
        >
          <svg
            class="place-card__bookmark-icon"
            height="19"
            width="18"
          >
            <use
              href="#icon-bookmark"
            />
          </svg>
          <span
            class="visually-hidden"
          >
            To bookmarks
          </span>
        </button>
      </div>
      <div
        class="place-card__rating rating"
      >
        <div
          class="place-card__stars rating__stars"
        >
          <span
            style="width:100%"
          />
          <span
            class="visually-hidden"
          >
            Rating
          </span>
        </div>
      </div>
      <h2
        class="place-card__name"
      >
        <a
          href="/offer/2"
        >
          Loft Studio in the Central Area
        </a>
      </h2>
      <p
        class="place-card__type"
      >
        house
      </p>
    </div>
  </article>
  <article
    class="cities__place-card place-card"
  >
    <div
      class="cities__image-wrapper place-card__image-wrapper"
    >
      <a
        href="/offer/3"
      >
        <img
          alt="Place image"
          class="place-card__image"
          height="200"
          src="https://assets.htmlacademy.ru/intensives/javascript-3/hotel/10.jpg"
          width="260"
        />
      </a>
    </div>
    <div
      class="place-card__info"
    >
      <div
        class="place-card__price-wrapper"
      >
        <div
          class="place-card__price"
        >
          <b
            class="place-card__price-value"
          >
            €191
          </b>
          <span
            class="place-card__price-text"
          >
            / night
          </span>
        </div>
        <button
          class="place-card__bookmark-button button place-card__bookmark-button--active"
          type="button"
        >
          <svg
            class="place-card__bookmark-icon"
            height="19"
            width="18"
          >
            <use
              href="#icon-bookmark"
            />
          </svg>
          <span
            class="visually-hidden"
          >
            To bookmarks
          </span>
        </button>
      </div>
      <div
        class="place-card__rating rating"
      >
        <div
          class="place-card__stars rating__stars"
        >
          <span
            style="width:80%"
          />
          <span
            class="visually-hidden"
          >
            Rating
          </span>
        </div>
      </div>
      <h2
        class="place-card__name"
      >
        <a
          href="/offer/3"
        >
          The Pondhouse - A Magical Place
        </a>
      </h2>
      <p
        class="place-card__type"
      >
        house
      </p>
    </div>
  </article>
</div>
`;
