// Jest Snapshot v1, https://goo.gl/fbAQLP

exports[`AuthForm component should render AuthForm component 1`] = `
<form
  action="#"
  class="login__form form"
  method="post"
>
  <div
    class="login__input-wrapper form__input-wrapper"
  >
    <label
      class="visually-hidden"
    >
      E-mail
    </label>
    <input
      class="login__input form__input"
      name="email"
      placeholder="Email"
      required=""
      type="email"
      value=""
    />
  </div>
  <div
    class="login__input-wrapper form__input-wrapper"
  >
    <label
      class="visually-hidden"
    >
      Password
    </label>
    <input
      class="login__input form__input"
      name="password"
      placeholder="Password"
      required=""
      type="password"
      value=""
    />
  </div>
  <button
    class="login__submit form__submit button"
    type="submit"
  >
    Sign in
  </button>
</form>
`;
